

================================================================
== Vitis HLS Report for 'event_queue_kernel_Pipeline_VITIS_LOOP_49_1'
================================================================
* Date:           Sat Jul 27 00:10:17 2024

* Version:        2022.1 (Build 3526262 on Mon Apr 18 15:47:01 MDT 2022)
* Project:        pdes_fpga_vitis
* Solution:       solution1 (Vivado IP Flow Target)
* Product family: virtexuplus
* Target device:  xcvu9p-flga2104-2-i


================================================================
== Performance Estimates
================================================================
+ Timing: 
    * Summary: 
    +--------+---------+----------+------------+
    |  Clock |  Target | Estimated| Uncertainty|
    +--------+---------+----------+------------+
    |ap_clk  |  5.00 ns|  2.751 ns|     1.35 ns|
    +--------+---------+----------+------------+

+ Latency: 
    * Summary: 
    +---------+---------+----------+----------+-----+-----+---------+
    |  Latency (cycles) |  Latency (absolute) |  Interval | Pipeline|
    |   min   |   max   |    min   |    max   | min | max |   Type  |
    +---------+---------+----------+----------+-----+-----+---------+
    |        ?|        ?|         ?|         ?|    ?|    ?|       no|
    +---------+---------+----------+----------+-----+-----+---------+

    + Detail: 
        * Instance: 
        N/A

        * Loop: 
        +-------------------+---------+---------+----------+-----------+-----------+------+----------+
        |                   |  Latency (cycles) | Iteration|  Initiation Interval  | Trip |          |
        |     Loop Name     |   min   |   max   |  Latency |  achieved |   target  | Count| Pipelined|
        +-------------------+---------+---------+----------+-----------+-----------+------+----------+
        |- VITIS_LOOP_49_1  |        ?|        ?|         4|          3|          1|     ?|       yes|
        +-------------------+---------+---------+----------+-----------+-----------+------+----------+



================================================================
== Utilization Estimates
================================================================
* Summary: 
+---------------------+---------+------+---------+---------+-----+
|         Name        | BRAM_18K|  DSP |    FF   |   LUT   | URAM|
+---------------------+---------+------+---------+---------+-----+
|DSP                  |        -|     -|        -|        -|    -|
|Expression           |        -|     -|        0|      605|    -|
|FIFO                 |        -|     -|        -|        -|    -|
|Instance             |        -|     -|        -|        -|    -|
|Memory               |        -|     -|        -|        -|    -|
|Multiplexer          |        -|     -|        -|      266|    -|
|Register             |        -|     -|      628|        -|    -|
+---------------------+---------+------+---------+---------+-----+
|Total                |        0|     0|      628|      871|    0|
+---------------------+---------+------+---------+---------+-----+
|Available SLR        |     1440|  2280|   788160|   394080|  320|
+---------------------+---------+------+---------+---------+-----+
|Utilization SLR (%)  |        0|     0|       ~0|       ~0|    0|
+---------------------+---------+------+---------+---------+-----+
|Available            |     4320|  6840|  2364480|  1182240|  960|
+---------------------+---------+------+---------+---------+-----+
|Utilization (%)      |        0|     0|       ~0|       ~0|    0|
+---------------------+---------+------+---------+---------+-----+

+ Detail: 
    * Instance: 
    N/A

    * DSP: 
    N/A

    * Memory: 
    N/A

    * FIFO: 
    N/A

    * Expression: 
    +-----------------------------------------+----------+----+---+----+------------+------------+
    |              Variable Name              | Operation| DSP| FF| LUT| Bitwidth P0| Bitwidth P1|
    +-----------------------------------------+----------+----+---+----+------------+------------+
    |child_V_fu_456_p2                        |         +|   0|  0|  22|          15|           1|
    |ret_V_fu_386_p2                          |         +|   0|  0|  24|          17|           1|
    |ap_predicate_tran4to6_state4             |       and|   0|  0|   2|           1|           1|
    |addr_cmp11_fu_524_p2                     |      icmp|   0|  0|  29|          64|          64|
    |addr_cmp17_fu_516_p2                     |      icmp|   0|  0|  29|          64|          64|
    |addr_cmp23_fu_407_p2                     |      icmp|   0|  0|  29|          64|          64|
    |addr_cmp27_fu_416_p2                     |      icmp|   0|  0|  29|          64|          64|
    |addr_cmp31_fu_482_p2                     |      icmp|   0|  0|  29|          64|          64|
    |addr_cmp37_fu_508_p2                     |      icmp|   0|  0|  29|          64|          64|
    |addr_cmp5_fu_532_p2                      |      icmp|   0|  0|  29|          64|          64|
    |addr_cmp_fu_540_p2                       |      icmp|   0|  0|  29|          64|          64|
    |icmp_ln1073_1_fu_450_p2                  |      icmp|   0|  0|  20|          32|          32|
    |icmp_ln1073_2_fu_496_p2                  |      icmp|   0|  0|  20|          32|          32|
    |icmp_ln1073_fu_392_p2                    |      icmp|   0|  0|  13|          17|          17|
    |icmp_ln1077_fu_377_p2                    |      icmp|   0|  0|  13|          16|          16|
    |child_V_3_fu_371_p2                      |        or|   0|  0|  16|          16|           1|
    |or_ln50_fu_427_p2                        |        or|   0|  0|  15|          15|           1|
    |g_event_queue_heap_data_V_d0             |    select|   0|  0|  32|           1|          32|
    |g_event_queue_heap_is_anti_message_V_d0  |    select|   0|  0|   2|           1|           1|
    |g_event_queue_heap_receiver_id_V_d0      |    select|   0|  0|  16|           1|          16|
    |g_event_queue_heap_send_time_V_d0        |    select|   0|  0|  32|           1|          32|
    |g_event_queue_heap_sender_id_V_d0        |    select|   0|  0|  16|           1|          16|
    |index_V_2_fu_470_p3                      |    select|   0|  0|  15|           1|          15|
    |reuse_select24_fu_433_p3                 |    select|   0|  0|  32|           1|          32|
    |reuse_select28_fu_443_p3                 |    select|   0|  0|  32|           1|          32|
    |reuse_select32_fu_487_p3                 |    select|   0|  0|  32|           1|          32|
    |select_ln52_fu_462_p3                    |    select|   0|  0|  15|           1|          15|
    |ap_enable_pp0                            |       xor|   0|  0|   2|           1|           2|
    |ap_enable_reg_pp0_iter1                  |       xor|   0|  0|   2|           2|           1|
    +-----------------------------------------+----------+----+---+----+------------+------------+
    |Total                                    |          |   0|  0| 605|         686|         840|
    +-----------------------------------------+----------+----+---+----+------------+------------+

    * Multiplexer: 
    +-----------------------------------------------+----+-----------+-----+-----------+
    |                      Name                     | LUT| Input Size| Bits| Total Bits|
    +-----------------------------------------------+----+-----------+-----+-----------+
    |ap_NS_fsm                                      |  37|          7|    1|          7|
    |ap_enable_reg_pp0_iter1                        |  14|          3|    1|          3|
    |g_event_queue_heap_data_V_address0             |  14|          3|    7|         21|
    |g_event_queue_heap_is_anti_message_V_address0  |  14|          3|    7|         21|
    |g_event_queue_heap_receiver_id_V_address0      |  14|          3|    7|         21|
    |g_event_queue_heap_recv_time_V_address0        |  14|          3|    7|         21|
    |g_event_queue_heap_recv_time_V_address1        |  14|          3|    7|         21|
    |g_event_queue_heap_send_time_V_address0        |  14|          3|    7|         21|
    |g_event_queue_heap_sender_id_V_address0        |  14|          3|    7|         21|
    |index_V_fu_106                                 |   9|          2|   15|         30|
    |reuse_addr_reg14_fu_74                         |   9|          2|   64|        128|
    |reuse_addr_reg20_fu_66                         |   9|          2|   64|        128|
    |reuse_addr_reg2_fu_90                          |   9|          2|   64|        128|
    |reuse_addr_reg34_fu_58                         |   9|          2|   64|        128|
    |reuse_addr_reg8_fu_82                          |   9|          2|   64|        128|
    |reuse_addr_reg_fu_98                           |   9|          2|   64|        128|
    |reuse_reg13_fu_78                              |   9|          2|   32|         64|
    |reuse_reg19_fu_70                              |   9|          2|   32|         64|
    |reuse_reg1_fu_94                               |   9|          2|   16|         32|
    |reuse_reg33_fu_62                              |   9|          2|   32|         64|
    |reuse_reg7_fu_86                               |   9|          2|   16|         32|
    |reuse_reg_fu_102                               |   9|          2|    1|          2|
    +-----------------------------------------------+----+-----------+-----+-----------+
    |Total                                          | 266|         57|  579|       1213|
    +-----------------------------------------------+----+-----------+-----+-----------+

    * Register: 
    +-------------------------+----+----+-----+-----------+
    |           Name          | FF | LUT| Bits| Const Bits|
    +-------------------------+----+----+-----+-----------+
    |addr_cmp11_reg_874       |   1|   0|    1|          0|
    |addr_cmp17_reg_864       |   1|   0|    1|          0|
    |addr_cmp23_reg_797       |   1|   0|    1|          0|
    |addr_cmp27_reg_807       |   1|   0|    1|          0|
    |addr_cmp37_reg_854       |   1|   0|    1|          0|
    |addr_cmp5_reg_884        |   1|   0|    1|          0|
    |addr_cmp_reg_894         |   1|   0|    1|          0|
    |ap_CS_fsm                |   6|   0|    6|          0|
    |ap_enable_reg_pp0_iter0  |   1|   0|    1|          0|
    |ap_enable_reg_pp0_iter1  |   1|   0|    1|          0|
    |empty_reg_778            |   7|   0|    7|          0|
    |icmp_ln1073_reg_787      |   1|   0|    1|          0|
    |icmp_ln1077_reg_783      |   1|   0|    1|          0|
    |index_V_1_reg_772        |  15|   0|   15|          0|
    |index_V_2_reg_812        |  15|   0|   15|          0|
    |index_V_fu_106           |  15|   0|   15|          0|
    |reuse_addr_reg14_fu_74   |  64|   0|   64|          0|
    |reuse_addr_reg20_fu_66   |  64|   0|   64|          0|
    |reuse_addr_reg2_fu_90    |  64|   0|   64|          0|
    |reuse_addr_reg34_fu_58   |  64|   0|   64|          0|
    |reuse_addr_reg8_fu_82    |  64|   0|   64|          0|
    |reuse_addr_reg_fu_98     |  64|   0|   64|          0|
    |reuse_reg13_fu_78        |  32|   0|   32|          0|
    |reuse_reg19_fu_70        |  32|   0|   32|          0|
    |reuse_reg1_fu_94         |  16|   0|   16|          0|
    |reuse_reg33_fu_62        |  32|   0|   32|          0|
    |reuse_reg7_fu_86         |  16|   0|   16|          0|
    |reuse_reg_fu_102         |   1|   0|    1|          0|
    |zext_ln49_cast_reg_767   |  16|   0|   17|          1|
    |zext_ln587_2_reg_817     |  15|   0|   64|         49|
    |zext_ln587_3_reg_840     |  15|   0|   64|         49|
    +-------------------------+----+----+-----+-----------+
    |Total                    | 628|   0|  727|         99|
    +-------------------------+----+----+-----+-----------+



================================================================
== Interface
================================================================
* Summary: 
+-----------------------------------------------+-----+-----+------------+---------------------------------------------+--------------+
|                   RTL Ports                   | Dir | Bits|  Protocol  |                Source Object                |    C Type    |
+-----------------------------------------------+-----+-----+------------+---------------------------------------------+--------------+
|ap_clk                                         |   in|    1|  ap_ctrl_hs|  event_queue_kernel_Pipeline_VITIS_LOOP_49_1|  return value|
|ap_rst                                         |   in|    1|  ap_ctrl_hs|  event_queue_kernel_Pipeline_VITIS_LOOP_49_1|  return value|
|ap_start                                       |   in|    1|  ap_ctrl_hs|  event_queue_kernel_Pipeline_VITIS_LOOP_49_1|  return value|
|ap_done                                        |  out|    1|  ap_ctrl_hs|  event_queue_kernel_Pipeline_VITIS_LOOP_49_1|  return value|
|ap_idle                                        |  out|    1|  ap_ctrl_hs|  event_queue_kernel_Pipeline_VITIS_LOOP_49_1|  return value|
|ap_ready                                       |  out|    1|  ap_ctrl_hs|  event_queue_kernel_Pipeline_VITIS_LOOP_49_1|  return value|
|add_ln887                                      |   in|   16|     ap_none|                                    add_ln887|        scalar|
|zext_ln49                                      |   in|   16|     ap_none|                                    zext_ln49|        scalar|
|temp_recv_time_V_1                             |   in|   32|     ap_none|                           temp_recv_time_V_1|        scalar|
|index_V_2_out                                  |  out|    7|      ap_vld|                                index_V_2_out|       pointer|
|index_V_2_out_ap_vld                           |  out|    1|      ap_vld|                                index_V_2_out|       pointer|
|g_event_queue_heap_send_time_V_address0        |  out|    7|   ap_memory|               g_event_queue_heap_send_time_V|         array|
|g_event_queue_heap_send_time_V_ce0             |  out|    1|   ap_memory|               g_event_queue_heap_send_time_V|         array|
|g_event_queue_heap_send_time_V_we0             |  out|    1|   ap_memory|               g_event_queue_heap_send_time_V|         array|
|g_event_queue_heap_send_time_V_d0              |  out|   32|   ap_memory|               g_event_queue_heap_send_time_V|         array|
|g_event_queue_heap_send_time_V_q0              |   in|   32|   ap_memory|               g_event_queue_heap_send_time_V|         array|
|g_event_queue_heap_data_V_address0             |  out|    7|   ap_memory|                    g_event_queue_heap_data_V|         array|
|g_event_queue_heap_data_V_ce0                  |  out|    1|   ap_memory|                    g_event_queue_heap_data_V|         array|
|g_event_queue_heap_data_V_we0                  |  out|    1|   ap_memory|                    g_event_queue_heap_data_V|         array|
|g_event_queue_heap_data_V_d0                   |  out|   32|   ap_memory|                    g_event_queue_heap_data_V|         array|
|g_event_queue_heap_data_V_q0                   |   in|   32|   ap_memory|                    g_event_queue_heap_data_V|         array|
|g_event_queue_heap_sender_id_V_address0        |  out|    7|   ap_memory|               g_event_queue_heap_sender_id_V|         array|
|g_event_queue_heap_sender_id_V_ce0             |  out|    1|   ap_memory|               g_event_queue_heap_sender_id_V|         array|
|g_event_queue_heap_sender_id_V_we0             |  out|    1|   ap_memory|               g_event_queue_heap_sender_id_V|         array|
|g_event_queue_heap_sender_id_V_d0              |  out|   16|   ap_memory|               g_event_queue_heap_sender_id_V|         array|
|g_event_queue_heap_sender_id_V_q0              |   in|   16|   ap_memory|               g_event_queue_heap_sender_id_V|         array|
|g_event_queue_heap_receiver_id_V_address0      |  out|    7|   ap_memory|             g_event_queue_heap_receiver_id_V|         array|
|g_event_queue_heap_receiver_id_V_ce0           |  out|    1|   ap_memory|             g_event_queue_heap_receiver_id_V|         array|
|g_event_queue_heap_receiver_id_V_we0           |  out|    1|   ap_memory|             g_event_queue_heap_receiver_id_V|         array|
|g_event_queue_heap_receiver_id_V_d0            |  out|   16|   ap_memory|             g_event_queue_heap_receiver_id_V|         array|
|g_event_queue_heap_receiver_id_V_q0            |   in|   16|   ap_memory|             g_event_queue_heap_receiver_id_V|         array|
|g_event_queue_heap_is_anti_message_V_address0  |  out|    7|   ap_memory|         g_event_queue_heap_is_anti_message_V|         array|
|g_event_queue_heap_is_anti_message_V_ce0       |  out|    1|   ap_memory|         g_event_queue_heap_is_anti_message_V|         array|
|g_event_queue_heap_is_anti_message_V_we0       |  out|    1|   ap_memory|         g_event_queue_heap_is_anti_message_V|         array|
|g_event_queue_heap_is_anti_message_V_d0        |  out|    1|   ap_memory|         g_event_queue_heap_is_anti_message_V|         array|
|g_event_queue_heap_is_anti_message_V_q0        |   in|    1|   ap_memory|         g_event_queue_heap_is_anti_message_V|         array|
|g_event_queue_heap_recv_time_V_address0        |  out|    7|   ap_memory|               g_event_queue_heap_recv_time_V|         array|
|g_event_queue_heap_recv_time_V_ce0             |  out|    1|   ap_memory|               g_event_queue_heap_recv_time_V|         array|
|g_event_queue_heap_recv_time_V_q0              |   in|   32|   ap_memory|               g_event_queue_heap_recv_time_V|         array|
|g_event_queue_heap_recv_time_V_address1        |  out|    7|   ap_memory|               g_event_queue_heap_recv_time_V|         array|
|g_event_queue_heap_recv_time_V_ce1             |  out|    1|   ap_memory|               g_event_queue_heap_recv_time_V|         array|
|g_event_queue_heap_recv_time_V_we1             |  out|    1|   ap_memory|               g_event_queue_heap_recv_time_V|         array|
|g_event_queue_heap_recv_time_V_d1              |  out|   32|   ap_memory|               g_event_queue_heap_recv_time_V|         array|
|g_event_queue_heap_recv_time_V_q1              |   in|   32|   ap_memory|               g_event_queue_heap_recv_time_V|         array|
+-----------------------------------------------+-----+-----+------------+---------------------------------------------+--------------+

