

================================================================
== Vitis HLS Report for 'lpcore_kernel_0_s'
================================================================
* Date:           Wed Aug 14 16:55:45 2024

* Version:        2022.1 (Build 3526262 on Mon Apr 18 15:47:01 MDT 2022)
* Project:        pdes_fpga_vitis
* Solution:       solution1 (Vivado IP Flow Target)
* Product family: zynquplus
* Target device:  xczu7ev-ffvc1156-2-e


================================================================
== Performance Estimates
================================================================
+ Timing: 
    * Summary: 
    +--------+---------+----------+------------+
    |  Clock |  Target | Estimated| Uncertainty|
    +--------+---------+----------+------------+
    |ap_clk  |  5.00 ns|  3.650 ns|     1.35 ns|
    +--------+---------+----------+------------+

+ Latency: 
    * Summary: 
    +---------+---------+----------+----------+-----+-----+----------+
    |  Latency (cycles) |  Latency (absolute) |  Interval | Pipeline |
    |   min   |   max   |    min   |    max   | min | max |   Type   |
    +---------+---------+----------+----------+-----+-----+----------+
    |        ?|        ?|         ?|         ?|    ?|    ?|  dataflow|
    +---------+---------+----------+----------+-----+-----+----------+

    + Detail: 
        * Instance: 
        +----------------------------+---------------------------+---------+---------+----------+-----------+-----+-----+---------+
        |                            |                           |  Latency (cycles) |  Latency (absolute)  |  Interval | Pipeline|
        |          Instance          |           Module          |   min   |   max   |    min   |    max    | min | max |   Type  |
        +----------------------------+---------------------------+---------+---------+----------+-----------+-----+-----+---------+
        |event_queue_top_0_U0        |event_queue_top_0_s        |        ?|        ?|         ?|          ?|    ?|    ?|       no|
        |state_buffer_top_0_U0       |state_buffer_top_0_s       |        ?|        ?|         ?|          ?|    ?|    ?|       no|
        |event_processor_top_0_U0    |event_processor_top_0_s    |        1|        4|  5.000 ns|  20.000 ns|    1|    4|       no|
        |cancellation_unit_top_0_U0  |cancellation_unit_top_0_s  |        ?|        ?|         ?|          ?|    ?|    ?|       no|
        |rollback_control_top_U0     |rollback_control_top       |        0|        0|      0 ns|       0 ns|    0|    0|       no|
        +----------------------------+---------------------------+---------+---------+----------+-----------+-----+-----+---------+

        * Loop: 
        N/A



================================================================
== Utilization Estimates
================================================================
* Summary: 
+-----------------+---------+------+--------+--------+-----+
|       Name      | BRAM_18K|  DSP |   FF   |   LUT  | URAM|
+-----------------+---------+------+--------+--------+-----+
|DSP              |        -|     -|       -|       -|    -|
|Expression       |        -|     -|       0|      14|    -|
|FIFO             |        -|     -|     792|     536|    -|
|Instance         |       17|     -|    3043|    5883|    0|
|Memory           |        -|     -|       -|       -|    -|
|Multiplexer      |        -|     -|       -|       -|    -|
|Register         |        -|     -|       4|       -|    -|
+-----------------+---------+------+--------+--------+-----+
|Total            |       17|     0|    3839|    6433|    0|
+-----------------+---------+------+--------+--------+-----+
|Available        |      624|  1728|  460800|  230400|   96|
+-----------------+---------+------+--------+--------+-----+
|Utilization (%)  |        2|     0|      ~0|       2|    0|
+-----------------+---------+------+--------+--------+-----+

+ Detail: 
    * Instance: 
    +----------------------------+---------------------------+---------+----+------+------+-----+
    |          Instance          |           Module          | BRAM_18K| DSP|  FF  |  LUT | URAM|
    +----------------------------+---------------------------+---------+----+------+------+-----+
    |cancellation_unit_top_0_U0  |cancellation_unit_top_0_s  |        6|   0|   402|   785|    0|
    |event_processor_top_0_U0    |event_processor_top_0_s    |        0|   0|   117|   188|    0|
    |event_queue_top_0_U0        |event_queue_top_0_s        |        7|   0|  2039|  4163|    0|
    |rollback_control_top_U0     |rollback_control_top       |        0|   0|     2|    47|    0|
    |state_buffer_top_0_U0       |state_buffer_top_0_s       |        4|   0|   483|   700|    0|
    +----------------------------+---------------------------+---------+----+------+------+-----+
    |Total                       |                           |       17|   0|  3043|  5883|    0|
    +----------------------------+---------------------------+---------+----+------+------+-----+

    * DSP: 
    N/A

    * Memory: 
    N/A

    * FIFO: 
    +------------------------------------------+---------+----+----+-----+------+-----+---------+
    |                   Name                   | BRAM_18K| FF | LUT| URAM| Depth| Bits| Size:D*B|
    +------------------------------------------+---------+----+----+-----+------+-----+---------+
    |cancellation_unit_input_stream_U          |        0|  99|   0|    -|     2|  129|      258|
    |cancellation_unit_rollback_info_stream_U  |        0|  99|   0|    -|     2|   48|       96|
    |causality_violation_stream_U              |        0|  99|   0|    -|     2|   48|       96|
    |event_processor_input_stream_U            |        0|  99|   0|    -|     2|  209|      418|
    |event_queue_rollback_info_stream_U        |        0|  99|   0|    -|     2|   48|       96|
    |issued_event_stream_U                     |        0|  99|   0|    -|     2|  129|      258|
    |state_buffer_input_stream_U               |        0|  99|   0|    -|     2|   80|      160|
    |state_buffer_rollback_info_stream_U       |        0|  99|   0|    -|     2|   48|       96|
    +------------------------------------------+---------+----+----+-----+------+-----+---------+
    |Total                                     |        0| 792|   0|    0|    16|  739|     1478|
    +------------------------------------------+---------+----+----+-----+------+-----+---------+

    * Expression: 
    +-------------------------------------+----------+----+---+----+------------+------------+
    |            Variable Name            | Operation| DSP| FF| LUT| Bitwidth P0| Bitwidth P1|
    +-------------------------------------+----------+----+---+----+------------+------------+
    |ap_idle                              |       and|   0|  0|   2|           1|           1|
    |ap_sync_continue                     |       and|   0|  0|   2|           1|           1|
    |ap_sync_done                         |       and|   0|  0|   2|           1|           1|
    |cancellation_unit_top_0_U0_ap_start  |        or|   0|  0|   2|           1|           1|
    |event_processor_top_0_U0_ap_start    |        or|   0|  0|   2|           1|           1|
    |rollback_control_top_U0_ap_start     |        or|   0|  0|   2|           1|           1|
    |state_buffer_top_0_U0_ap_start       |        or|   0|  0|   2|           1|           1|
    +-------------------------------------+----------+----+---+----+------------+------------+
    |Total                                |          |   0|  0|  14|           7|           7|
    +-------------------------------------+----------+----+---+----+------------+------------+

    * Multiplexer: 
    N/A

    * Register: 
    +-------------------------------------------------+---+----+-----+-----------+
    |                       Name                      | FF| LUT| Bits| Const Bits|
    +-------------------------------------------------+---+----+-----+-----------+
    |ap_sync_reg_cancellation_unit_top_0_U0_ap_start  |  1|   0|    1|          0|
    |ap_sync_reg_event_processor_top_0_U0_ap_start    |  1|   0|    1|          0|
    |ap_sync_reg_rollback_control_top_U0_ap_start     |  1|   0|    1|          0|
    |ap_sync_reg_state_buffer_top_0_U0_ap_start       |  1|   0|    1|          0|
    +-------------------------------------------------+---+----+-----+-----------+
    |Total                                            |  4|   0|    4|          0|
    +-------------------------------------------------+---+----+-----+-----------+



================================================================
== Interface
================================================================
* Summary: 
+----------------------------------------+-----+-----+--------------+---------------------------------+--------------+
|                RTL Ports               | Dir | Bits|   Protocol   |          Source Object          |    C Type    |
+----------------------------------------+-----+-----+--------------+---------------------------------+--------------+
|init_event_stream_dout                  |   in|  129|       ap_fifo|                init_event_stream|       pointer|
|init_event_stream_empty_n               |   in|    1|       ap_fifo|                init_event_stream|       pointer|
|init_event_stream_read                  |  out|    1|       ap_fifo|                init_event_stream|       pointer|
|event_queue_full_stream_din             |  out|    1|       ap_fifo|          event_queue_full_stream|       pointer|
|event_queue_full_stream_full_n          |   in|    1|       ap_fifo|          event_queue_full_stream|       pointer|
|event_queue_full_stream_write           |  out|    1|       ap_fifo|          event_queue_full_stream|       pointer|
|anti_message_stream_dout                |   in|  129|       ap_fifo|              anti_message_stream|       pointer|
|anti_message_stream_empty_n             |   in|    1|       ap_fifo|              anti_message_stream|       pointer|
|anti_message_stream_read                |  out|    1|       ap_fifo|              anti_message_stream|       pointer|
|enqueue_event_stream_dout               |   in|  129|       ap_fifo|             enqueue_event_stream|       pointer|
|enqueue_event_stream_empty_n            |   in|    1|       ap_fifo|             enqueue_event_stream|       pointer|
|enqueue_event_stream_read               |  out|    1|       ap_fifo|             enqueue_event_stream|       pointer|
|output_event_stream_din                 |  out|  129|       ap_fifo|              output_event_stream|       pointer|
|output_event_stream_full_n              |   in|    1|       ap_fifo|              output_event_stream|       pointer|
|output_event_stream_write               |  out|    1|       ap_fifo|              output_event_stream|       pointer|
|cancellation_unit_output_stream_din     |  out|  129|       ap_fifo|  cancellation_unit_output_stream|       pointer|
|cancellation_unit_output_stream_full_n  |   in|    1|       ap_fifo|  cancellation_unit_output_stream|       pointer|
|cancellation_unit_output_stream_write   |  out|    1|       ap_fifo|  cancellation_unit_output_stream|       pointer|
|commit_time_stream_dout                 |   in|   32|       ap_fifo|               commit_time_stream|       pointer|
|commit_time_stream_empty_n              |   in|    1|       ap_fifo|               commit_time_stream|       pointer|
|commit_time_stream_read                 |  out|    1|       ap_fifo|               commit_time_stream|       pointer|
|ap_clk                                  |   in|    1|  ap_ctrl_none|                 lpcore_kernel<0>|  return value|
|ap_rst                                  |   in|    1|  ap_ctrl_none|                 lpcore_kernel<0>|  return value|
|ap_start                                |   in|    1|  ap_ctrl_none|                 lpcore_kernel<0>|  return value|
|ap_done                                 |  out|    1|  ap_ctrl_none|                 lpcore_kernel<0>|  return value|
|ap_ready                                |  out|    1|  ap_ctrl_none|                 lpcore_kernel<0>|  return value|
|ap_idle                                 |  out|    1|  ap_ctrl_none|                 lpcore_kernel<0>|  return value|
|ap_continue                             |   in|    1|  ap_ctrl_none|                 lpcore_kernel<0>|  return value|
+----------------------------------------+-----+-----+--------------+---------------------------------+--------------+

