

================================================================
== Vitis HLS Report for 'lpcore_top'
================================================================
* Date:           Wed Aug 14 17:50:18 2024

* Version:        2022.1 (Build 3526262 on Mon Apr 18 15:47:01 MDT 2022)
* Project:        pdes_fpga_vitis
* Solution:       solution1 (Vivado IP Flow Target)
* Product family: zynquplus
* Target device:  xczu7ev-ffvc1156-2-e


================================================================
== Performance Estimates
================================================================
+ Timing: 
    * Summary: 
    +--------+---------+----------+------------+
    |  Clock |  Target | Estimated| Uncertainty|
    +--------+---------+----------+------------+
    |ap_clk  |  5.00 ns|  3.650 ns|     1.35 ns|
    +--------+---------+----------+------------+

+ Latency: 
    * Summary: 
    +---------+---------+----------+----------+-----+-----+---------+
    |  Latency (cycles) |  Latency (absolute) |  Interval | Pipeline|
    |   min   |   max   |    min   |    max   | min | max |   Type  |
    +---------+---------+----------+----------+-----+-----+---------+
    |        ?|        ?|         ?|         ?|    ?|    ?|       no|
    +---------+---------+----------+----------+-----+-----+---------+

    + Detail: 
        * Instance: 
        +------------------------------+-------------------+---------+---------+----------+----------+-----+-----+----------+
        |                              |                   |  Latency (cycles) |  Latency (absolute) |  Interval | Pipeline |
        |           Instance           |       Module      |   min   |   max   |    min   |    max   | min | max |   Type   |
        +------------------------------+-------------------+---------+---------+----------+----------+-----+-----+----------+
        |grp_lpcore_kernel_0_s_fu_104  |lpcore_kernel_0_s  |        ?|        ?|         ?|         ?|    ?|    ?|  dataflow|
        +------------------------------+-------------------+---------+---------+----------+----------+-----+-----+----------+

        * Loop: 
        N/A



================================================================
== Utilization Estimates
================================================================
* Summary: 
+-----------------+---------+------+--------+--------+-----+
|       Name      | BRAM_18K|  DSP |   FF   |   LUT  | URAM|
+-----------------+---------+------+--------+--------+-----+
|DSP              |        -|     -|       -|       -|    -|
|Expression       |        -|     -|       0|       4|    -|
|FIFO             |        -|     -|       -|       -|    -|
|Instance         |       17|     -|    4403|    7495|    0|
|Memory           |        -|     -|       -|       -|    -|
|Multiplexer      |        -|     -|       -|      77|    -|
|Register         |        -|     -|       5|       -|    -|
+-----------------+---------+------+--------+--------+-----+
|Total            |       17|     0|    4408|    7576|    0|
+-----------------+---------+------+--------+--------+-----+
|Available        |      624|  1728|  460800|  230400|   96|
+-----------------+---------+------+--------+--------+-----+
|Utilization (%)  |        2|     0|      ~0|       3|    0|
+-----------------+---------+------+--------+--------+-----+

+ Detail: 
    * Instance: 
    +------------------------------+-------------------+---------+----+------+------+-----+
    |           Instance           |       Module      | BRAM_18K| DSP|  FF  |  LUT | URAM|
    +------------------------------+-------------------+---------+----+------+------+-----+
    |grp_lpcore_kernel_0_s_fu_104  |lpcore_kernel_0_s  |       17|   0|  4403|  7495|    0|
    +------------------------------+-------------------+---------+----+------+------+-----+
    |Total                         |                   |       17|   0|  4403|  7495|    0|
    +------------------------------+-------------------+---------+----+------+------+-----+

    * DSP: 
    N/A

    * Memory: 
    N/A

    * FIFO: 
    N/A

    * Expression: 
    +-----------------------------------------------+----------+----+---+----+------------+------------+
    |                 Variable Name                 | Operation| DSP| FF| LUT| Bitwidth P0| Bitwidth P1|
    +-----------------------------------------------+----------+----+---+----+------------+------------+
    |ap_sync_grp_lpcore_kernel_0_s_fu_104_ap_done   |        or|   0|  0|   2|           1|           1|
    |ap_sync_grp_lpcore_kernel_0_s_fu_104_ap_ready  |        or|   0|  0|   2|           1|           1|
    +-----------------------------------------------+----------+----+---+----+------------+------------+
    |Total                                          |          |   0|  0|   4|           2|           2|
    +-----------------------------------------------+----------+----+---+----+------------+------------+

    * Multiplexer: 
    +---------------------------------------+----+-----------+-----+-----------+
    |                  Name                 | LUT| Input Size| Bits| Total Bits|
    +---------------------------------------+----+-----------+-----+-----------+
    |anti_message_stream_read               |   9|          2|    1|          2|
    |ap_NS_fsm                              |  14|          3|    1|          3|
    |cancellation_unit_output_stream_write  |   9|          2|    1|          2|
    |enqueue_event_stream_read              |   9|          2|    1|          2|
    |event_queue_full_stream_write          |   9|          2|    1|          2|
    |init_event_stream_read                 |   9|          2|    1|          2|
    |lpcore_commit_time_stream_read         |   9|          2|    1|          2|
    |output_event_stream_write              |   9|          2|    1|          2|
    +---------------------------------------+----+-----------+-----+-----------+
    |Total                                  |  77|         17|    8|         17|
    +---------------------------------------+----+-----------+-----+-----------+

    * Register: 
    +---------------------------------------------------+---+----+-----+-----------+
    |                        Name                       | FF| LUT| Bits| Const Bits|
    +---------------------------------------------------+---+----+-----+-----------+
    |ap_CS_fsm                                          |  2|   0|    2|          0|
    |ap_sync_reg_grp_lpcore_kernel_0_s_fu_104_ap_done   |  1|   0|    1|          0|
    |ap_sync_reg_grp_lpcore_kernel_0_s_fu_104_ap_ready  |  1|   0|    1|          0|
    |grp_lpcore_kernel_0_s_fu_104_ap_start_reg          |  1|   0|    1|          0|
    +---------------------------------------------------+---+----+-----+-----------+
    |Total                                              |  5|   0|    5|          0|
    +---------------------------------------------------+---+----+-----+-----------+



================================================================
== Interface
================================================================
* Summary: 
+----------------------------------------+-----+-----+------------+---------------------------------+--------------+
|                RTL Ports               | Dir | Bits|  Protocol  |          Source Object          |    C Type    |
+----------------------------------------+-----+-----+------------+---------------------------------+--------------+
|ap_clk                                  |   in|    1|  ap_ctrl_hs|                       lpcore_top|  return value|
|ap_rst                                  |   in|    1|  ap_ctrl_hs|                       lpcore_top|  return value|
|ap_start                                |   in|    1|  ap_ctrl_hs|                       lpcore_top|  return value|
|ap_done                                 |  out|    1|  ap_ctrl_hs|                       lpcore_top|  return value|
|ap_idle                                 |  out|    1|  ap_ctrl_hs|                       lpcore_top|  return value|
|ap_ready                                |  out|    1|  ap_ctrl_hs|                       lpcore_top|  return value|
|init_event_stream_dout                  |   in|  129|     ap_fifo|                init_event_stream|       pointer|
|init_event_stream_empty_n               |   in|    1|     ap_fifo|                init_event_stream|       pointer|
|init_event_stream_read                  |  out|    1|     ap_fifo|                init_event_stream|       pointer|
|event_queue_full_stream_din             |  out|    1|     ap_fifo|          event_queue_full_stream|       pointer|
|event_queue_full_stream_full_n          |   in|    1|     ap_fifo|          event_queue_full_stream|       pointer|
|event_queue_full_stream_write           |  out|    1|     ap_fifo|          event_queue_full_stream|       pointer|
|anti_message_stream_dout                |   in|  129|     ap_fifo|              anti_message_stream|       pointer|
|anti_message_stream_empty_n             |   in|    1|     ap_fifo|              anti_message_stream|       pointer|
|anti_message_stream_read                |  out|    1|     ap_fifo|              anti_message_stream|       pointer|
|enqueue_event_stream_dout               |   in|  129|     ap_fifo|             enqueue_event_stream|       pointer|
|enqueue_event_stream_empty_n            |   in|    1|     ap_fifo|             enqueue_event_stream|       pointer|
|enqueue_event_stream_read               |  out|    1|     ap_fifo|             enqueue_event_stream|       pointer|
|output_event_stream_din                 |  out|  129|     ap_fifo|              output_event_stream|       pointer|
|output_event_stream_full_n              |   in|    1|     ap_fifo|              output_event_stream|       pointer|
|output_event_stream_write               |  out|    1|     ap_fifo|              output_event_stream|       pointer|
|cancellation_unit_output_stream_din     |  out|  129|     ap_fifo|  cancellation_unit_output_stream|       pointer|
|cancellation_unit_output_stream_full_n  |   in|    1|     ap_fifo|  cancellation_unit_output_stream|       pointer|
|cancellation_unit_output_stream_write   |  out|    1|     ap_fifo|  cancellation_unit_output_stream|       pointer|
|lpcore_commit_time_stream_dout          |   in|   32|     ap_fifo|        lpcore_commit_time_stream|       pointer|
|lpcore_commit_time_stream_empty_n       |   in|    1|     ap_fifo|        lpcore_commit_time_stream|       pointer|
|lpcore_commit_time_stream_read          |  out|    1|     ap_fifo|        lpcore_commit_time_stream|       pointer|
+----------------------------------------+-----+-----+------------+---------------------------------+--------------+

